# serializer version: 1
# name: test_chunks_heading_per_section
  list([
    dict({
      'id': '577b11233dd6',
      'learning_objective': 'Understand Introduction',
      'prerequisites': list([
      ]),
      'provenance': 'heuristic',
      'source_spans': list([
        dict({
          'char_end': 133,
          'char_start': 0,
          'doc_id': 'test-doc',
          'page_end': 1,
          'page_start': 1,
        }),
      ]),
      'summary': 'This is the introduction body, providing scope, goals, and context for the chapter and the methods that follow it later.',
      'temporal_position': None,
      'title': 'Introduction',
    }),
    dict({
      'id': 'a3edb83c9f42',
      'learning_objective': 'Understand Methods',
      'prerequisites': list([
        '577b11233dd6',
      ]),
      'provenance': 'heuristic',
      'source_spans': list([
        dict({
          'char_end': 267,
          'char_start': 134,
          'doc_id': 'test-doc',
          'page_end': 1,
          'page_start': 1,
        }),
      ]),
      'summary': 'This describes the methods used in the experiment, including the setup, procedure, controls, and the data collection process.',
      'temporal_position': None,
      'title': 'Methods',
    }),
  ])
# ---
