# serializer version: 1
# name: test_replace_returns_only_passing_records
  list([
    dict({
      'justification': 'replaced analogy with interest: soccer',
      'original_span': dict({
        'char_end': 500,
        'char_start': 0,
        'doc_id': 'doc-1',
        'page_end': 2,
        'page_start': 1,
      }),
      'replacement_text': 'like a soccer team passing the ball down the field',
    }),
  ])
# ---
